// Jest Snapshot v1, https://goo.gl/fbAQLP

exports[`IArguments cannot be implemented 1`] = `
"snippetCode.ts (2,13): Class 'MyArray' incorrectly implements interface 'IArguments'.
  Property '[one0]' is missing in type 'MyArray' but required in type 'IArguments'.

      1 | 
    > 2 |       class MyArray implements IArguments {
        |             ^
      3 |       }
      4 |     
"
`;

exports[`IArguments cannot be referenced 1`] = `
"snippetCode.ts (3,19): Builtins cannot be referenced

      1 | 
      2 |       const y = () => {
    > 3 |         const x = arguments;
        |                   ^
      4 |       }
      5 |     
"
`;
