// Jest Snapshot v1, https://goo.gl/fbAQLP

exports[`Contract Model Tests Serialize Wire Base 1`] = `"1900000000000000000000000000000000000000000000000000000101047465737405302e302e300942656e20446f766572136578616d706c65406e656f2d6f6e652e676f760474657374"`;
