// Jest Snapshot v1, https://goo.gl/fbAQLP

exports[`Input cannot be implemented 1`] = `
"snippetCode.ts (4,13): Class 'MyInput' incorrectly implements interface 'Input'.
  Type 'MyInput' is missing the following properties from type 'Input': hash, index, [OpaqueTagSymbol0]

      2 |       import { Input } from '@neo-one/smart-contract';
      3 | 
    > 4 |       class MyInput implements Input {
        |             ^
      5 |       }
      6 |     
"
`;
