// Jest Snapshot v1, https://goo.gl/fbAQLP

exports[`Output cannot be implemented 1`] = `
"snippetCode.ts (4,13): Class 'MyOutput' incorrectly implements interface 'Output'.
  Type 'MyOutput' is missing the following properties from type 'Output': address, asset, value, [OpaqueTagSymbol0]

      2 |       import { Output } from '@neo-one/smart-contract';
      3 | 
    > 4 |       class MyOutput implements Output {
        |             ^
      5 |       }
      6 |     
"
`;
