// Jest Snapshot v1, https://goo.gl/fbAQLP

exports[`Account cannot be implemented 1`] = `
"snippetCode.ts (4,13): Class 'MyAccount' incorrectly implements interface 'Account'.
  Type 'MyAccount' is missing the following properties from type 'Account': address, getBalance, [OpaqueTagSymbol0]

      2 |       import { Account } from '@neo-one/smart-contract';
      3 | 
    > 4 |       class MyAccount implements Account {
        |             ^
      5 |       }
      6 |     
"
`;
